Ganesha32
Ganesha5
Ganesha40
Ganesha15
Ganesha7
Ganesha4
Ganesha19
Ganesha29
Ganesha34
Ganesha8
Ganesha39
Ganesha25
Ganesha6
Ganesha35
Ganesha30
Ganesha20
Ganesha36
Ganesha21
Ganesha26
Ganesha17
Ganesha33
Ganesha9
Ganesha13
Ganesha3
Ganesha22
Ganesha16
Ganesha37
Ganesha12
Ganesha31
Ganesha27
Ganesha24
Ganesha18
Ganesha10
Ganesha11
Ganesha23
Ganesha14
Ganesha38
Ganesha41
Ganesha42
Ganesha1
Ganesha28